// Jest Snapshot v1, https://goo.gl/fbAQLP

exports[`RegisterScreen coincide con el snapshot 1`] = `
<View
  onLayout={[Function]}
  style={
    [
      {
        "backgroundColor": "#f7fafc",
        "flex": 1,
      },
      {
        "paddingBottom": 0,
      },
    ]
  }
>
  <RCTScrollView
    contentContainerStyle={
      {
        "flexGrow": 1,
        "paddingBottom": 30,
        "paddingHorizontal": 20,
        "paddingTop": 50,
      }
    }
  >
    <View>
      <View
        style={
          {
            "alignItems": "center",
            "flexDirection": "row",
            "marginBottom": 30,
          }
        }
      >
        <View
          accessibilityState={
            {
              "busy": undefined,
              "checked": undefined,
              "disabled": undefined,
              "expanded": undefined,
              "selected": undefined,
            }
          }
          accessibilityValue={
            {
              "max": undefined,
              "min": undefined,
              "now": undefined,
              "text": undefined,
            }
          }
          accessible={true}
          collapsable={false}
          focusable={true}
          onClick={[Function]}
          onResponderGrant={[Function]}
          onResponderMove={[Function]}
          onResponderRelease={[Function]}
          onResponderTerminate={[Function]}
          onResponderTerminationRequest={[Function]}
          onStartShouldSetResponder={[Function]}
          style={
            {
              "marginRight": 10,
              "opacity": 1,
              "padding": 8,
            }
          }
        >
          <MaterialIcons
            color="#1976D2"
            name="arrow-back"
            size={24}
          />
        </View>
        <Text
          style={
            {
              "color": "#0D47A1",
              "fontSize": 24,
              "fontWeight": "bold",
            }
          }
        >
          Crear Cuenta
        </Text>
      </View>
      <View
        style={
          {
            "backgroundColor": "#fff",
            "borderRadius": 12,
            "elevation": 3,
            "padding": 20,
            "shadowColor": "#000",
            "shadowOffset": {
              "height": 2,
              "width": 0,
            },
            "shadowOpacity": 0.08,
            "shadowRadius": 8,
          }
        }
      >
        <View
          style={
            {
              "marginBottom": 16,
            }
          }
        >
          <Text
            style={
              {
                "color": "#374151",
                "fontSize": 14,
                "fontWeight": "600",
                "marginBottom": 8,
              }
            }
          >
            Usuario
          </Text>
          <TextInput
            onChangeText={[Function]}
            placeholder="Elige un nombre de usuario"
            placeholderTextColor="#9ca3af"
            style={
              {
                "backgroundColor": "#f9fafb",
                "borderColor": "#d1d5db",
                "borderRadius": 10,
                "borderWidth": 1,
                "color": "#111827",
                "fontSize": 16,
                "paddingHorizontal": 16,
                "paddingVertical": 14,
              }
            }
            value=""
          />
        </View>
        <View
          style={
            {
              "marginBottom": 16,
            }
          }
        >
          <Text
            style={
              {
                "color": "#374151",
                "fontSize": 14,
                "fontWeight": "600",
                "marginBottom": 8,
              }
            }
          >
            Nombre completo
          </Text>
          <TextInput
            onChangeText={[Function]}
            placeholder="Tu nombre y apellidos"
            placeholderTextColor="#9ca3af"
            style={
              {
                "backgroundColor": "#f9fafb",
                "borderColor": "#d1d5db",
                "borderRadius": 10,
                "borderWidth": 1,
                "color": "#111827",
                "fontSize": 16,
                "paddingHorizontal": 16,
                "paddingVertical": 14,
              }
            }
            value=""
          />
        </View>
        <View
          style={
            {
              "marginBottom": 16,
            }
          }
        >
          <Text
            style={
              {
                "color": "#374151",
                "fontSize": 14,
                "fontWeight": "600",
                "marginBottom": 8,
              }
            }
          >
            DNI/NIE
          </Text>
          <TextInput
            onChangeText={[Function]}
            placeholder="Ej: 12345678A"
            placeholderTextColor="#9ca3af"
            style={
              {
                "backgroundColor": "#f9fafb",
                "borderColor": "#d1d5db",
                "borderRadius": 10,
                "borderWidth": 1,
                "color": "#111827",
                "fontSize": 16,
                "paddingHorizontal": 16,
                "paddingVertical": 14,
              }
            }
            value=""
          />
        </View>
        <View
          style={
            {
              "marginBottom": 16,
            }
          }
        >
          <Text
            style={
              {
                "color": "#374151",
                "fontSize": 14,
                "fontWeight": "600",
                "marginBottom": 8,
              }
            }
          >
            Email
          </Text>
          <TextInput
            autoCapitalize="none"
            keyboardType="email-address"
            onChangeText={[Function]}
            placeholder="tu@email.com"
            placeholderTextColor="#9ca3af"
            style={
              {
                "backgroundColor": "#f9fafb",
                "borderColor": "#d1d5db",
                "borderRadius": 10,
                "borderWidth": 1,
                "color": "#111827",
                "fontSize": 16,
                "paddingHorizontal": 16,
                "paddingVertical": 14,
              }
            }
            value=""
          />
        </View>
        <View
          style={
            {
              "marginBottom": 16,
            }
          }
        >
          <Text
            style={
              {
                "color": "#374151",
                "fontSize": 14,
                "fontWeight": "600",
                "marginBottom": 8,
              }
            }
          >
            Número de teléfono
          </Text>
          <TextInput
            keyboardType="phone-pad"
            onChangeText={[Function]}
            placeholder="Ej: 600123456"
            placeholderTextColor="#9ca3af"
            style={
              {
                "backgroundColor": "#f9fafb",
                "borderColor": "#d1d5db",
                "borderRadius": 10,
                "borderWidth": 1,
                "color": "#111827",
                "fontSize": 16,
                "paddingHorizontal": 16,
                "paddingVertical": 14,
              }
            }
            value=""
          />
        </View>
        <View
          style={
            {
              "marginBottom": 16,
            }
          }
        >
          <Text
            style={
              {
                "color": "#374151",
                "fontSize": 14,
                "fontWeight": "600",
                "marginBottom": 8,
              }
            }
          >
            Contraseña
          </Text>
          <TextInput
            onChangeText={[Function]}
            placeholder="Mínimo 6 caracteres"
            placeholderTextColor="#9ca3af"
            secureTextEntry={true}
            style={
              {
                "backgroundColor": "#f9fafb",
                "borderColor": "#d1d5db",
                "borderRadius": 10,
                "borderWidth": 1,
                "color": "#111827",
                "fontSize": 16,
                "paddingHorizontal": 16,
                "paddingVertical": 14,
              }
            }
            value=""
          />
        </View>
        <View
          style={
            {
              "marginBottom": 16,
            }
          }
        >
          <Text
            style={
              {
                "color": "#374151",
                "fontSize": 14,
                "fontWeight": "600",
                "marginBottom": 8,
              }
            }
          >
            Confirmar contraseña
          </Text>
          <TextInput
            onChangeText={[Function]}
            placeholder="Repite la contraseña"
            placeholderTextColor="#9ca3af"
            secureTextEntry={true}
            style={
              {
                "backgroundColor": "#f9fafb",
                "borderColor": "#d1d5db",
                "borderRadius": 10,
                "borderWidth": 1,
                "color": "#111827",
                "fontSize": 16,
                "paddingHorizontal": 16,
                "paddingVertical": 14,
              }
            }
            value=""
          />
        </View>
        <View
          accessibilityState={
            {
              "busy": undefined,
              "checked": undefined,
              "disabled": undefined,
              "expanded": undefined,
              "selected": undefined,
            }
          }
          accessibilityValue={
            {
              "max": undefined,
              "min": undefined,
              "now": undefined,
              "text": undefined,
            }
          }
          accessible={true}
          collapsable={false}
          focusable={true}
          onClick={[Function]}
          onResponderGrant={[Function]}
          onResponderMove={[Function]}
          onResponderRelease={[Function]}
          onResponderTerminate={[Function]}
          onResponderTerminationRequest={[Function]}
          onStartShouldSetResponder={[Function]}
          style={
            {
              "alignItems": "center",
              "backgroundColor": "#1976D2",
              "borderRadius": 10,
              "flexDirection": "row",
              "justifyContent": "center",
              "marginTop": 10,
              "opacity": 1,
              "paddingVertical": 16,
            }
          }
        >
          <MaterialIcons
            color="#fff"
            name="person-add"
            size={20}
            style={
              {
                "marginRight": 8,
              }
            }
          />
          <Text
            style={
              {
                "color": "#fff",
                "fontSize": 16,
                "fontWeight": "bold",
              }
            }
          >
            Crear Cuenta
          </Text>
        </View>
        <View
          accessibilityState={
            {
              "busy": undefined,
              "checked": undefined,
              "disabled": undefined,
              "expanded": undefined,
              "selected": undefined,
            }
          }
          accessibilityValue={
            {
              "max": undefined,
              "min": undefined,
              "now": undefined,
              "text": undefined,
            }
          }
          accessible={true}
          collapsable={false}
          focusable={true}
          onClick={[Function]}
          onResponderGrant={[Function]}
          onResponderMove={[Function]}
          onResponderRelease={[Function]}
          onResponderTerminate={[Function]}
          onResponderTerminationRequest={[Function]}
          onStartShouldSetResponder={[Function]}
          style={
            {
              "alignItems": "center",
              "marginTop": 16,
              "opacity": 1,
            }
          }
        >
          <Text
            style={
              {
                "color": "#1976D2",
                "fontSize": 15,
                "fontWeight": "500",
              }
            }
          >
            ¿Ya tienes cuenta? Inicia sesión
          </Text>
        </View>
      </View>
    </View>
  </RCTScrollView>
</View>
`;
